2026-08-27 23:16:19.277 | INFO     | mineru.cli.client:run_orchestrated_cli:953 - Started local mineru-api at http://127.0.0.1:44931
2026-08-27 23:16:21.074 | INFO     | __main__:create_app:236 - Request concurrency limited to 3
INFO:     Started server process [5895]
INFO:     Waiting for application startup.
INFO:     Application startup complete.
INFO:     Uvicorn running on http://127.0.0.1:44931 (Press CTRL+C to quit)
2026-08-27 23:16:21.287 | INFO     | mineru.cli.client:run_planned_task:832 - Submitting batch 1/1 | 1 document, 8 pages in this batch | 8 pages total | task#1 [paper]
2026-08-27 23:16:22.795 | INFO     | mineru.backend.pipeline.pipeline_analyze:doc_analyze_streaming:209 - Pipeline processing-window multi-file run. doc_count=1, total_pages=8, window_size=64, total_batches=1
Start MinerU FastAPI Service: http://127.0.0.1:44931
API documentation: http://127.0.0.1:44931/docs
2026-08-27 23:16:25.010 | INFO     | mineru.backend.pipeline.pipeline_analyze:doc_analyze_streaming:264 - Pipeline processing window batch 1/1: 8/8 pages, batch_pages=8, doc_slices=doc0:1-8
2026-08-27 23:16:25.030 | INFO     | mineru.backend.pipeline.pipeline_analyze:batch_image_analyze:364 - GPU Memory: 12 GB, Batch Ratio: 4. 
2026-08-27 23:16:25.030 | INFO     | mineru.backend.pipeline.model_init:__init__:239 - DocAnalysis init, this may take some times......
2026-08-27 23:16:26.101 | INFO     | mineru.backend.pipeline.model_init:__init__:291 - DocAnalysis init done!
2026-08-27 23:16:26.101 | INFO     | mineru.backend.pipeline.pipeline_analyze:custom_model_init:83 - model init cost: 1.0709481239318848
2026-08-27 23:16:29.342 | INFO     | mineru.cli.client:run_planned_task:883 - Completed batch 1/1 | Processed 8/8 pages | 1 of 1 batch finished | task#1 [paper]
INFO:     Shutting down
INFO:     Waiting for application shutdown.
INFO:     Application shutdown complete.
INFO:     Finished server process [5895]
Object 10285 0 not defined.
Object 10285 0 not defined.
Overwriting cache for 0 10285
Object 10286 0 not defined.
Object 10286 0 not defined.
Overwriting cache for 0 10286
Object 10350 0 not defined.
Object 10350 0 not defined.
Overwriting cache for 0 10350
Object 10350 0 not defined.
Overwriting cache for 0 10350
Object 10352 0 not defined.
Object 10352 0 not defined.
Overwriting cache for 0 10352
Object 10355 0 not defined.
Object 10355 0 not defined.
Overwriting cache for 0 10355
Object 10355 0 not defined.
Overwriting cache for 0 10355
Object 10355 0 not defined.
Overwriting cache for 0 10355
Object 10356 0 not defined.
Object 10356 0 not defined.
Overwriting cache for 0 10356
Object 10357 0 not defined.
Object 10357 0 not defined.
Overwriting cache for 0 10357
Object 10357 0 not defined.
Overwriting cache for 0 10357
Object 10357 0 not defined.
Overwriting cache for 0 10357
Object 10358 0 not defined.
Object 10358 0 not defined.
Overwriting cache for 0 10358
Object 10358 0 not defined.
Overwriting cache for 0 10358
Object 10360 0 not defined.
Object 10360 0 not defined.
Overwriting cache for 0 10360
Object 10360 0 not defined.
Overwriting cache for 0 10360
Object 10285 0 not defined.
Object 10285 0 not defined.
Overwriting cache for 0 10285
Object 10286 0 not defined.
Object 10286 0 not defined.
Overwriting cache for 0 10286
Object 10350 0 not defined.
Object 10350 0 not defined.
Overwriting cache for 0 10350
Object 10350 0 not defined.
Overwriting cache for 0 10350
Object 10352 0 not defined.
Object 10352 0 not defined.
Overwriting cache for 0 10352
Object 10355 0 not defined.
Object 10355 0 not defined.
Overwriting cache for 0 10355
Object 10355 0 not defined.
Overwriting cache for 0 10355
Object 10355 0 not defined.
Overwriting cache for 0 10355
Object 10356 0 not defined.
Object 10356 0 not defined.
Overwriting cache for 0 10356
Object 10357 0 not defined.
Object 10357 0 not defined.
Overwriting cache for 0 10357
Object 10357 0 not defined.
Overwriting cache for 0 10357
Object 10357 0 not defined.
Overwriting cache for 0 10357
Object 10358 0 not defined.
Object 10358 0 not defined.
Overwriting cache for 0 10358
Object 10358 0 not defined.
Overwriting cache for 0 10358
Object 10360 0 not defined.
Object 10360 0 not defined.
Overwriting cache for 0 10360
Object 10360 0 not defined.
Overwriting cache for 0 10360
