2026-08-27 23:15:42.429 | INFO     | mineru.cli.client:run_orchestrated_cli:953 - Started local mineru-api at http://127.0.0.1:56771
2026-08-27 23:15:44.239 | INFO     | __main__:create_app:236 - Request concurrency limited to 3
INFO:     Started server process [5295]
INFO:     Waiting for application startup.
INFO:     Application startup complete.
INFO:     Uvicorn running on http://127.0.0.1:56771 (Press CTRL+C to quit)
2026-08-27 23:15:44.438 | INFO     | mineru.cli.client:run_planned_task:832 - Submitting batch 1/1 | 1 document, 13 pages in this batch | 13 pages total | task#1 [paper]
2026-08-27 23:15:45.957 | INFO     | mineru.backend.pipeline.pipeline_analyze:doc_analyze_streaming:209 - Pipeline processing-window multi-file run. doc_count=1, total_pages=13, window_size=64, total_batches=1
Start MinerU FastAPI Service: http://127.0.0.1:56771
API documentation: http://127.0.0.1:56771/docs
2026-08-27 23:15:48.296 | INFO     | mineru.backend.pipeline.pipeline_analyze:doc_analyze_streaming:264 - Pipeline processing window batch 1/1: 13/13 pages, batch_pages=13, doc_slices=doc0:1-13
2026-08-27 23:15:48.318 | INFO     | mineru.backend.pipeline.pipeline_analyze:batch_image_analyze:364 - GPU Memory: 12 GB, Batch Ratio: 4. 
2026-08-27 23:15:48.318 | INFO     | mineru.backend.pipeline.model_init:__init__:239 - DocAnalysis init, this may take some times......
2026-08-27 23:15:49.390 | INFO     | mineru.backend.pipeline.model_init:__init__:291 - DocAnalysis init done!
2026-08-27 23:15:49.390 | INFO     | mineru.backend.pipeline.pipeline_analyze:custom_model_init:83 - model init cost: 1.0722544193267822
2026-08-27 23:15:56.521 | INFO     | mineru.cli.client:run_planned_task:883 - Completed batch 1/1 | Processed 13/13 pages | 1 of 1 batch finished | task#1 [paper]
INFO:     Shutting down
INFO:     Waiting for application shutdown.
INFO:     Application shutdown complete.
INFO:     Finished server process [5295]
Object 10313 0 not defined.
Object 10313 0 not defined.
Overwriting cache for 0 10313
Object 10340 0 not defined.
Object 10340 0 not defined.
Overwriting cache for 0 10340
Object 10313 0 not defined.
Overwriting cache for 0 10313
Object 10325 0 not defined.
Object 10325 0 not defined.
Overwriting cache for 0 10325
Object 10340 0 not defined.
Overwriting cache for 0 10340
Object 10330 0 not defined.
Object 10330 0 not defined.
Overwriting cache for 0 10330
Object 10327 0 not defined.
Object 10327 0 not defined.
Overwriting cache for 0 10327
Object 10313 0 not defined.
Object 10313 0 not defined.
Overwriting cache for 0 10313
Object 10340 0 not defined.
Object 10340 0 not defined.
Overwriting cache for 0 10340
Object 10313 0 not defined.
Overwriting cache for 0 10313
Object 10325 0 not defined.
Object 10325 0 not defined.
Overwriting cache for 0 10325
Object 10340 0 not defined.
Overwriting cache for 0 10340
Object 10330 0 not defined.
Object 10330 0 not defined.
Overwriting cache for 0 10330
Object 10327 0 not defined.
Object 10327 0 not defined.
Overwriting cache for 0 10327
