2026-08-27 23:14:44.891 | INFO     | mineru.cli.client:run_orchestrated_cli:953 - Started local mineru-api at http://127.0.0.1:46439
2026-08-27 23:14:46.697 | INFO     | __main__:create_app:236 - Request concurrency limited to 3
INFO:     Started server process [4628]
INFO:     Waiting for application startup.
INFO:     Application startup complete.
INFO:     Uvicorn running on http://127.0.0.1:46439 (Press CTRL+C to quit)
2026-08-27 23:14:46.900 | INFO     | mineru.cli.client:run_planned_task:832 - Submitting batch 1/1 | 1 document, 13 pages in this batch | 13 pages total | task#1 [paper]
2026-08-27 23:14:48.418 | INFO     | mineru.backend.pipeline.pipeline_analyze:doc_analyze_streaming:209 - Pipeline processing-window multi-file run. doc_count=1, total_pages=13, window_size=64, total_batches=1
Start MinerU FastAPI Service: http://127.0.0.1:46439
API documentation: http://127.0.0.1:46439/docs
2026-08-27 23:14:50.784 | INFO     | mineru.backend.pipeline.pipeline_analyze:doc_analyze_streaming:264 - Pipeline processing window batch 1/1: 13/13 pages, batch_pages=13, doc_slices=doc0:1-13
2026-08-27 23:14:50.804 | INFO     | mineru.backend.pipeline.pipeline_analyze:batch_image_analyze:364 - GPU Memory: 12 GB, Batch Ratio: 4. 
2026-08-27 23:14:50.804 | INFO     | mineru.backend.pipeline.model_init:__init__:239 - DocAnalysis init, this may take some times......
2026-08-27 23:14:51.873 | INFO     | mineru.backend.pipeline.model_init:__init__:291 - DocAnalysis init done!
2026-08-27 23:14:51.873 | INFO     | mineru.backend.pipeline.pipeline_analyze:custom_model_init:83 - model init cost: 1.0695533752441406
2026-08-27 23:15:07.016 | INFO     | mineru.cli.client:run_planned_task:883 - Completed batch 1/1 | Processed 13/13 pages | 1 of 1 batch finished | task#1 [paper]
INFO:     Shutting down
INFO:     Waiting for application shutdown.
INFO:     Application shutdown complete.
INFO:     Finished server process [4628]
Object 10325 0 not defined.
Object 10325 0 not defined.
Overwriting cache for 0 10325
Object 10313 0 not defined.
Object 10313 0 not defined.
Overwriting cache for 0 10313
Object 10311 0 not defined.
Object 10311 0 not defined.
Overwriting cache for 0 10311
Object 10318 0 not defined.
Object 10318 0 not defined.
Overwriting cache for 0 10318
Object 10310 0 not defined.
Object 10310 0 not defined.
Overwriting cache for 0 10310
Object 10302 0 not defined.
Object 10302 0 not defined.
Overwriting cache for 0 10302
Object 10303 0 not defined.
Object 10303 0 not defined.
Overwriting cache for 0 10303
Object 10309 0 not defined.
Object 10309 0 not defined.
Overwriting cache for 0 10309
Object 10302 0 not defined.
Overwriting cache for 0 10302
Object 10330 0 not defined.
Object 10330 0 not defined.
Overwriting cache for 0 10330
Object 10305 0 not defined.
Object 10305 0 not defined.
Overwriting cache for 0 10305
Object 10324 0 not defined.
Object 10324 0 not defined.
Overwriting cache for 0 10324
Object 10300 0 not defined.
Object 10300 0 not defined.
Overwriting cache for 0 10300
Object 10308 0 not defined.
Object 10308 0 not defined.
Overwriting cache for 0 10308
Object 10307 0 not defined.
Object 10307 0 not defined.
Overwriting cache for 0 10307
Object 10289 0 not defined.
Object 10289 0 not defined.
Overwriting cache for 0 10289
Object 10322 0 not defined.
Object 10322 0 not defined.
Overwriting cache for 0 10322
Object 10313 0 not defined.
Overwriting cache for 0 10313
Object 10327 0 not defined.
Object 10327 0 not defined.
Overwriting cache for 0 10327
Object 10332 0 not defined.
Object 10332 0 not defined.
Overwriting cache for 0 10332
Object 10325 0 not defined.
Object 10325 0 not defined.
Overwriting cache for 0 10325
Object 10313 0 not defined.
Object 10313 0 not defined.
Overwriting cache for 0 10313
Object 10311 0 not defined.
Object 10311 0 not defined.
Overwriting cache for 0 10311
Object 10318 0 not defined.
Object 10318 0 not defined.
Overwriting cache for 0 10318
Object 10310 0 not defined.
Object 10310 0 not defined.
Overwriting cache for 0 10310
Object 10302 0 not defined.
Object 10302 0 not defined.
Overwriting cache for 0 10302
Object 10303 0 not defined.
Object 10303 0 not defined.
Overwriting cache for 0 10303
Object 10309 0 not defined.
Object 10309 0 not defined.
Overwriting cache for 0 10309
Object 10302 0 not defined.
Overwriting cache for 0 10302
Object 10330 0 not defined.
Object 10330 0 not defined.
Overwriting cache for 0 10330
Object 10305 0 not defined.
Object 10305 0 not defined.
Overwriting cache for 0 10305
Object 10324 0 not defined.
Object 10324 0 not defined.
Overwriting cache for 0 10324
Object 10300 0 not defined.
Object 10300 0 not defined.
Overwriting cache for 0 10300
Object 10308 0 not defined.
Object 10308 0 not defined.
Overwriting cache for 0 10308
Object 10307 0 not defined.
Object 10307 0 not defined.
Overwriting cache for 0 10307
Object 10289 0 not defined.
Object 10289 0 not defined.
Overwriting cache for 0 10289
Object 10322 0 not defined.
Object 10322 0 not defined.
Overwriting cache for 0 10322
Object 10313 0 not defined.
Overwriting cache for 0 10313
Object 10327 0 not defined.
Object 10327 0 not defined.
Overwriting cache for 0 10327
Object 10332 0 not defined.
Object 10332 0 not defined.
Overwriting cache for 0 10332
